[0619/095355.280:INFO:CONSOLE(0)] "Error with Permissions-Policy header: Feature xr-spatial-tracking's parameters are ignored.", source:  (0)
[0619/095355.280:INFO:CONSOLE(0)] "Error with Permissions-Policy header: Origin trial controlled feature not enabled: 'attribution-reporting'.", source:  (0)
[0619/095355.280:INFO:CONSOLE(0)] "Error with Permissions-Policy header: Unrecognized feature: 'compute-pressure'.", source:  (0)
[0619/095355.280:INFO:CONSOLE(0)] "Error with Permissions-Policy header: Origin trial controlled feature not enabled: 'interest-cohort'.", source:  (0)
[0619/095355.280:INFO:CONSOLE(0)] "Error with Permissions-Policy header: Unrecognized feature: 'private-state-token-issuance'.", source:  (0)
[0619/095355.280:INFO:CONSOLE(0)] "Error with Permissions-Policy header: Origin trial controlled feature not enabled: 'shared-storage'.", source:  (0)
[0619/095355.281:INFO:CONSOLE(0)] "Error with Permissions-Policy header: Unrecognized feature: 'shared-storage-select-url'.", source:  (0)
[0619/095355.281:INFO:CONSOLE(0)] "Error with Permissions-Policy header: Unrecognized feature: 'private-state-token-redemption'.", source:  (0)
[0619/095355.281:INFO:CONSOLE(0)] "Error with Permissions-Policy header: Unrecognized feature: 'unload'.", source:  (0)
[0619/095355.282:INFO:CONSOLE(0)] "Error with Permissions-Policy header: Unrecognized feature: 'window-management'.", source:  (0)
[0619/095355.282:INFO:CONSOLE(0)] "Document-Policy HTTP header: Unrecognized document policy feature name include-js-call-stacks-in-crash-reports.", source: https://web.whatsapp.com/ (0)
[0619/095356.173:ERROR:cache_util_win.cc(20)] Unable to move the cache: Access is denied. (0x5)
[0619/095356.173:ERROR:disk_cache.cc(205)] Unable to create cache
[0619/095356.173:ERROR:gpu_disk_cache.cc(673)] Gpu Cache Creation failed: -2
[0619/095356.173:ERROR:cache_util_win.cc(20)] Unable to move the cache: Access is denied. (0x5)
[0619/095356.173:ERROR:disk_cache.cc(205)] Unable to create cache
[0619/095356.175:ERROR:gpu_disk_cache.cc(673)] Gpu Cache Creation failed: -2
[0619/095356.375:ERROR:cache_util_win.cc(20)] Unable to move the cache: Access is denied. (0x5)
[0619/095356.375:ERROR:disk_cache.cc(205)] Unable to create cache
[0619/095356.883:ERROR:cache_util_win.cc(20)] Unable to move the cache: Access is denied. (0x5)
[0619/095356.883:ERROR:cache_util_win.cc(20)] Unable to move the cache: Access is denied. (0x5)
[0619/095356.883:ERROR:disk_cache.cc(205)] Unable to create cache
[0619/095356.883:ERROR:gpu_disk_cache.cc(673)] Gpu Cache Creation failed: -2
[0619/095356.883:ERROR:disk_cache.cc(205)] Unable to create cache
[0619/095356.883:ERROR:gpu_disk_cache.cc(673)] Gpu Cache Creation failed: -2
[0619/095357.014:INFO:CONSOLE(0)] "Error with Permissions-Policy header: Feature xr-spatial-tracking's parameters are ignored.", source:  (0)
[0619/095357.014:INFO:CONSOLE(0)] "Error with Permissions-Policy header: Origin trial controlled feature not enabled: 'attribution-reporting'.", source:  (0)
[0619/095357.014:INFO:CONSOLE(0)] "Error with Permissions-Policy header: Unrecognized feature: 'compute-pressure'.", source:  (0)
[0619/095357.014:INFO:CONSOLE(0)] "Error with Permissions-Policy header: Origin trial controlled feature not enabled: 'interest-cohort'.", source:  (0)
[0619/095357.015:INFO:CONSOLE(0)] "Error with Permissions-Policy header: Unrecognized feature: 'private-state-token-issuance'.", source:  (0)
[0619/095357.015:INFO:CONSOLE(0)] "Error with Permissions-Policy header: Origin trial controlled feature not enabled: 'shared-storage'.", source:  (0)
[0619/095357.015:INFO:CONSOLE(0)] "Error with Permissions-Policy header: Unrecognized feature: 'shared-storage-select-url'.", source:  (0)
[0619/095357.015:INFO:CONSOLE(0)] "Error with Permissions-Policy header: Unrecognized feature: 'private-state-token-redemption'.", source:  (0)
[0619/095357.015:INFO:CONSOLE(0)] "Error with Permissions-Policy header: Unrecognized feature: 'unload'.", source:  (0)
[0619/095357.015:INFO:CONSOLE(0)] "Error with Permissions-Policy header: Unrecognized feature: 'window-management'.", source:  (0)
[0619/095357.015:INFO:CONSOLE(0)] "Document-Policy HTTP header: Unrecognized document policy feature name include-js-call-stacks-in-crash-reports.", source: https://web.whatsapp.com/ (0)
[0619/095358.083:ERROR:simple_index_file.cc(302)] Could not create a directory to hold the index file
[0619/095359.151:ERROR:simple_index_file.cc(302)] Could not create a directory to hold the index file
[0619/095359.590:INFO:CONSOLE(163)] "Event handler of 'x-storagemutated-1' event must be added on the initial evaluation of worker script.", source: https://static.whatsapp.net/rsrc.php/v4/yf/r/KYXKFmMWQQZ.js (163)
[0619/095404.451:ERROR:quota_database.cc(929)] Could not open the quota database, resetting.
[0619/095409.372:ERROR:quota_database.cc(929)] Could not open the quota database, resetting.
[0619/095412.317:ERROR:quota_database.cc(931)] Failed to reset the quota database.
[0619/095412.317:ERROR:quota_database.cc(931)] Failed to reset the quota database.
[0619/095418.298:ERROR:simple_index_file.cc(302)] Could not create a directory to hold the index file
[0619/095448.354:ERROR:simple_index_file.cc(302)] Could not create a directory to hold the index file
[0619/095508.012:ERROR:cache_util_win.cc(20)] Unable to move the cache: Access is denied. (0x5)
[0619/095508.013:ERROR:disk_cache.cc(205)] Unable to create cache
[0619/095508.013:ERROR:gpu_disk_cache.cc(673)] Gpu Cache Creation failed: -2
[0619/095508.013:ERROR:cache_util_win.cc(20)] Unable to move the cache: Access is denied. (0x5)
[0619/095508.013:ERROR:disk_cache.cc(205)] Unable to create cache
[0619/095508.013:ERROR:gpu_disk_cache.cc(673)] Gpu Cache Creation failed: -2
[0619/095510.040:ERROR:cache_util_win.cc(20)] Unable to move the cache: Access is denied. (0x5)
[0619/095510.040:ERROR:disk_cache.cc(205)] Unable to create cache
[0619/095511.038:ERROR:service_worker_storage.cc(1933)] Failed to delete the database: Database IO error
[0619/095511.129:ERROR:cache_util_win.cc(20)] Unable to move the cache: Access is denied. (0x5)
[0619/095511.129:ERROR:cache_util_win.cc(20)] Unable to move the cache: Access is denied. (0x5)
[0619/095511.130:ERROR:disk_cache.cc(205)] Unable to create cache
[0619/095511.130:ERROR:gpu_disk_cache.cc(673)] Gpu Cache Creation failed: -2
[0619/095511.130:ERROR:disk_cache.cc(205)] Unable to create cache
[0619/095511.130:ERROR:gpu_disk_cache.cc(673)] Gpu Cache Creation failed: -2
[0619/095511.207:INFO:CONSOLE(0)] "Error with Permissions-Policy header: Feature xr-spatial-tracking's parameters are ignored.", source:  (0)
[0619/095511.208:INFO:CONSOLE(0)] "Error with Permissions-Policy header: Origin trial controlled feature not enabled: 'attribution-reporting'.", source:  (0)
[0619/095511.208:INFO:CONSOLE(0)] "Error with Permissions-Policy header: Unrecognized feature: 'compute-pressure'.", source:  (0)
[0619/095511.208:INFO:CONSOLE(0)] "Error with Permissions-Policy header: Origin trial controlled feature not enabled: 'interest-cohort'.", source:  (0)
[0619/095511.208:INFO:CONSOLE(0)] "Error with Permissions-Policy header: Unrecognized feature: 'private-state-token-issuance'.", source:  (0)
[0619/095511.208:INFO:CONSOLE(0)] "Error with Permissions-Policy header: Origin trial controlled feature not enabled: 'shared-storage'.", source:  (0)
[0619/095511.208:INFO:CONSOLE(0)] "Error with Permissions-Policy header: Unrecognized feature: 'shared-storage-select-url'.", source:  (0)
[0619/095511.208:INFO:CONSOLE(0)] "Error with Permissions-Policy header: Unrecognized feature: 'private-state-token-redemption'.", source:  (0)
[0619/095511.208:INFO:CONSOLE(0)] "Error with Permissions-Policy header: Unrecognized feature: 'unload'.", source:  (0)
[0619/095511.208:INFO:CONSOLE(0)] "Error with Permissions-Policy header: Unrecognized feature: 'window-management'.", source:  (0)
[0619/095511.208:INFO:CONSOLE(0)] "Document-Policy HTTP header: Unrecognized document policy feature name include-js-call-stacks-in-crash-reports.", source: https://web.whatsapp.com/ (0)
[0619/095516.347:ERROR:quota_database.cc(929)] Could not open the quota database, resetting.
[0619/095518.383:ERROR:simple_index_file.cc(302)] Could not create a directory to hold the index file
[0619/095521.305:ERROR:quota_database.cc(929)] Could not open the quota database, resetting.
[0619/095524.266:ERROR:quota_database.cc(931)] Failed to reset the quota database.
[0619/095524.266:ERROR:quota_database.cc(931)] Failed to reset the quota database.
[0619/095548.367:ERROR:cache_util_win.cc(20)] Unable to move the cache: Access is denied. (0x5)
[0619/095548.368:ERROR:disk_cache.cc(205)] Unable to create cache
[0619/095548.369:ERROR:gpu_disk_cache.cc(673)] Gpu Cache Creation failed: -2
[0619/095548.369:ERROR:cache_util_win.cc(20)] Unable to move the cache: Access is denied. (0x5)
[0619/095548.369:ERROR:disk_cache.cc(205)] Unable to create cache
[0619/095548.370:ERROR:gpu_disk_cache.cc(673)] Gpu Cache Creation failed: -2
[0619/095548.430:ERROR:simple_index_file.cc(302)] Could not create a directory to hold the index file
[0619/095550.394:ERROR:cache_util_win.cc(20)] Unable to move the cache: Access is denied. (0x5)
[0619/095550.395:ERROR:disk_cache.cc(205)] Unable to create cache
[0619/095551.182:ERROR:cache_util_win.cc(20)] Unable to move the cache: Access is denied. (0x5)
[0619/095551.183:ERROR:disk_cache.cc(205)] Unable to create cache
[0619/095551.183:ERROR:gpu_disk_cache.cc(673)] Gpu Cache Creation failed: -2
[0619/095551.185:ERROR:cache_util_win.cc(20)] Unable to move the cache: Access is denied. (0x5)
[0619/095551.187:ERROR:disk_cache.cc(205)] Unable to create cache
[0619/095551.188:ERROR:gpu_disk_cache.cc(673)] Gpu Cache Creation failed: -2
[0619/095551.281:INFO:CONSOLE(0)] "Error with Permissions-Policy header: Feature xr-spatial-tracking's parameters are ignored.", source:  (0)
[0619/095551.282:INFO:CONSOLE(0)] "Error with Permissions-Policy header: Origin trial controlled feature not enabled: 'attribution-reporting'.", source:  (0)
[0619/095551.282:INFO:CONSOLE(0)] "Error with Permissions-Policy header: Unrecognized feature: 'compute-pressure'.", source:  (0)
[0619/095551.282:INFO:CONSOLE(0)] "Error with Permissions-Policy header: Origin trial controlled feature not enabled: 'interest-cohort'.", source:  (0)
[0619/095551.282:INFO:CONSOLE(0)] "Error with Permissions-Policy header: Unrecognized feature: 'private-state-token-issuance'.", source:  (0)
[0619/095551.282:INFO:CONSOLE(0)] "Error with Permissions-Policy header: Origin trial controlled feature not enabled: 'shared-storage'.", source:  (0)
[0619/095551.282:INFO:CONSOLE(0)] "Error with Permissions-Policy header: Unrecognized feature: 'shared-storage-select-url'.", source:  (0)
[0619/095551.282:INFO:CONSOLE(0)] "Error with Permissions-Policy header: Unrecognized feature: 'private-state-token-redemption'.", source:  (0)
[0619/095551.282:INFO:CONSOLE(0)] "Error with Permissions-Policy header: Unrecognized feature: 'unload'.", source:  (0)
[0619/095551.283:INFO:CONSOLE(0)] "Error with Permissions-Policy header: Unrecognized feature: 'window-management'.", source:  (0)
[0619/095551.283:INFO:CONSOLE(0)] "Document-Policy HTTP header: Unrecognized document policy feature name include-js-call-stacks-in-crash-reports.", source: https://web.whatsapp.com/ (0)
[0619/095551.402:ERROR:service_worker_storage.cc(1933)] Failed to delete the database: Database IO error
[0619/095557.457:ERROR:quota_database.cc(929)] Could not open the quota database, resetting.
[0619/095558.422:INFO:CONSOLE(163)] "Event handler of 'x-storagemutated-1' event must be added on the initial evaluation of worker script.", source: https://static.whatsapp.net/rsrc.php/v4/yf/r/KYXKFmMWQQZ.js (163)
[0619/095602.413:ERROR:quota_database.cc(929)] Could not open the quota database, resetting.
[0619/095605.399:ERROR:quota_database.cc(931)] Failed to reset the quota database.
[0619/095605.399:ERROR:quota_database.cc(931)] Failed to reset the quota database.
[0619/095618.490:ERROR:simple_index_file.cc(302)] Could not create a directory to hold the index file
[0619/095648.556:ERROR:simple_index_file.cc(302)] Could not create a directory to hold the index file
[0619/095718.601:ERROR:simple_index_file.cc(302)] Could not create a directory to hold the index file
[0619/095748.669:ERROR:simple_index_file.cc(302)] Could not create a directory to hold the index file
[0619/095818.752:ERROR:simple_index_file.cc(302)] Could not create a directory to hold the index file
