[0619/095355.271:INFO:CONSOLE(0)] "Error with Permissions-Policy header: Feature xr-spatial-tracking's parameters are ignored.", source:  (0)
[0619/095355.271:INFO:CONSOLE(0)] "Error with Permissions-Policy header: Origin trial controlled feature not enabled: 'attribution-reporting'.", source:  (0)
[0619/095355.271:INFO:CONSOLE(0)] "Error with Permissions-Policy header: Unrecognized feature: 'compute-pressure'.", source:  (0)
[0619/095355.271:INFO:CONSOLE(0)] "Error with Permissions-Policy header: Origin trial controlled feature not enabled: 'interest-cohort'.", source:  (0)
[0619/095355.272:INFO:CONSOLE(0)] "Error with Permissions-Policy header: Unrecognized feature: 'private-state-token-issuance'.", source:  (0)
[0619/095355.272:INFO:CONSOLE(0)] "Error with Permissions-Policy header: Origin trial controlled feature not enabled: 'shared-storage'.", source:  (0)
[0619/095355.272:INFO:CONSOLE(0)] "Error with Permissions-Policy header: Unrecognized feature: 'shared-storage-select-url'.", source:  (0)
[0619/095355.272:INFO:CONSOLE(0)] "Error with Permissions-Policy header: Unrecognized feature: 'private-state-token-redemption'.", source:  (0)
[0619/095355.272:INFO:CONSOLE(0)] "Error with Permissions-Policy header: Unrecognized feature: 'unload'.", source:  (0)
[0619/095355.272:INFO:CONSOLE(0)] "Error with Permissions-Policy header: Unrecognized feature: 'window-management'.", source:  (0)
[0619/095355.273:INFO:CONSOLE(0)] "Document-Policy HTTP header: Unrecognized document policy feature name include-js-call-stacks-in-crash-reports.", source: https://web.whatsapp.com/ (0)
[0619/095358.011:ERROR:simple_index_file.cc(302)] Could not create a directory to hold the index file
[0619/095359.102:ERROR:simple_index_file.cc(302)] Could not create a directory to hold the index file
[0619/095359.553:INFO:CONSOLE(163)] "Event handler of 'x-storagemutated-1' event must be added on the initial evaluation of worker script.", source: https://static.whatsapp.net/rsrc.php/v4/yf/r/KYXKFmMWQQZ.js (163)
[0619/095418.236:ERROR:simple_index_file.cc(302)] Could not create a directory to hold the index file
[0619/095448.293:ERROR:simple_index_file.cc(302)] Could not create a directory to hold the index file
[0619/095518.352:ERROR:simple_index_file.cc(302)] Could not create a directory to hold the index file
[0619/095548.420:ERROR:simple_index_file.cc(302)] Could not create a directory to hold the index file
[0619/095554.897:ERROR:cache_util_win.cc(20)] Unable to move the cache: Access is denied. (0x5)
[0619/095554.897:ERROR:cache_util_win.cc(20)] Unable to move the cache: Access is denied. (0x5)
[0619/095554.898:ERROR:disk_cache.cc(205)] Unable to create cache
[0619/095554.898:ERROR:gpu_disk_cache.cc(673)] Gpu Cache Creation failed: -2
[0619/095554.899:ERROR:disk_cache.cc(205)] Unable to create cache
[0619/095554.899:ERROR:gpu_disk_cache.cc(673)] Gpu Cache Creation failed: -2
[0619/095556.924:ERROR:cache_util_win.cc(20)] Unable to move the cache: Access is denied. (0x5)
[0619/095556.924:ERROR:disk_cache.cc(205)] Unable to create cache
[0619/095557.403:ERROR:cache_util_win.cc(20)] Unable to move the cache: Access is denied. (0x5)
[0619/095557.404:ERROR:disk_cache.cc(205)] Unable to create cache
[0619/095557.404:ERROR:gpu_disk_cache.cc(673)] Gpu Cache Creation failed: -2
[0619/095557.404:ERROR:cache_util_win.cc(20)] Unable to move the cache: Access is denied. (0x5)
[0619/095557.405:ERROR:disk_cache.cc(205)] Unable to create cache
[0619/095557.406:ERROR:gpu_disk_cache.cc(673)] Gpu Cache Creation failed: -2
[0619/095557.506:INFO:CONSOLE(0)] "Error with Permissions-Policy header: Feature xr-spatial-tracking's parameters are ignored.", source:  (0)
[0619/095557.507:INFO:CONSOLE(0)] "Error with Permissions-Policy header: Origin trial controlled feature not enabled: 'attribution-reporting'.", source:  (0)
[0619/095557.507:INFO:CONSOLE(0)] "Error with Permissions-Policy header: Unrecognized feature: 'compute-pressure'.", source:  (0)
[0619/095557.507:INFO:CONSOLE(0)] "Error with Permissions-Policy header: Origin trial controlled feature not enabled: 'interest-cohort'.", source:  (0)
[0619/095557.507:INFO:CONSOLE(0)] "Error with Permissions-Policy header: Unrecognized feature: 'private-state-token-issuance'.", source:  (0)
[0619/095557.507:INFO:CONSOLE(0)] "Error with Permissions-Policy header: Origin trial controlled feature not enabled: 'shared-storage'.", source:  (0)
[0619/095557.507:INFO:CONSOLE(0)] "Error with Permissions-Policy header: Unrecognized feature: 'shared-storage-select-url'.", source:  (0)
[0619/095557.507:INFO:CONSOLE(0)] "Error with Permissions-Policy header: Unrecognized feature: 'private-state-token-redemption'.", source:  (0)
[0619/095557.507:INFO:CONSOLE(0)] "Error with Permissions-Policy header: Unrecognized feature: 'unload'.", source:  (0)
[0619/095557.507:INFO:CONSOLE(0)] "Error with Permissions-Policy header: Unrecognized feature: 'window-management'.", source:  (0)
[0619/095557.508:INFO:CONSOLE(0)] "Document-Policy HTTP header: Unrecognized document policy feature name include-js-call-stacks-in-crash-reports.", source: https://web.whatsapp.com/ (0)
[0619/095557.916:ERROR:service_worker_storage.cc(1933)] Failed to delete the database: Database IO error
[0619/095558.374:INFO:CONSOLE(163)] "Event handler of 'x-storagemutated-1' event must be added on the initial evaluation of worker script.", source: https://static.whatsapp.net/rsrc.php/v4/yf/r/KYXKFmMWQQZ.js (163)
[0619/095603.096:ERROR:quota_database.cc(929)] Could not open the quota database, resetting.
[0619/095608.039:ERROR:quota_database.cc(929)] Could not open the quota database, resetting.
[0619/095610.963:ERROR:quota_database.cc(931)] Failed to reset the quota database.
[0619/095610.963:ERROR:quota_database.cc(931)] Failed to reset the quota database.
[0619/095614.666:ERROR:cache_util_win.cc(20)] Unable to move the cache: Access is denied. (0x5)
[0619/095614.668:ERROR:disk_cache.cc(205)] Unable to create cache
[0619/095614.669:ERROR:gpu_disk_cache.cc(673)] Gpu Cache Creation failed: -2
[0619/095614.666:ERROR:cache_util_win.cc(20)] Unable to move the cache: Access is denied. (0x5)
[0619/095614.669:ERROR:disk_cache.cc(205)] Unable to create cache
[0619/095614.669:ERROR:gpu_disk_cache.cc(673)] Gpu Cache Creation failed: -2
[0619/095616.682:ERROR:cache_util_win.cc(20)] Unable to move the cache: Access is denied. (0x5)
[0619/095616.683:ERROR:disk_cache.cc(205)] Unable to create cache
[0619/095617.388:ERROR:cache_util_win.cc(20)] Unable to move the cache: Access is denied. (0x5)
[0619/095617.388:ERROR:cache_util_win.cc(20)] Unable to move the cache: Access is denied. (0x5)
[0619/095617.389:ERROR:disk_cache.cc(205)] Unable to create cache
[0619/095617.389:ERROR:gpu_disk_cache.cc(673)] Gpu Cache Creation failed: -2
[0619/095617.389:ERROR:disk_cache.cc(205)] Unable to create cache
[0619/095617.390:ERROR:gpu_disk_cache.cc(673)] Gpu Cache Creation failed: -2
[0619/095617.487:INFO:CONSOLE(0)] "Error with Permissions-Policy header: Feature xr-spatial-tracking's parameters are ignored.", source:  (0)
[0619/095617.487:INFO:CONSOLE(0)] "Error with Permissions-Policy header: Origin trial controlled feature not enabled: 'attribution-reporting'.", source:  (0)
[0619/095617.487:INFO:CONSOLE(0)] "Error with Permissions-Policy header: Unrecognized feature: 'compute-pressure'.", source:  (0)
[0619/095617.487:INFO:CONSOLE(0)] "Error with Permissions-Policy header: Origin trial controlled feature not enabled: 'interest-cohort'.", source:  (0)
[0619/095617.487:INFO:CONSOLE(0)] "Error with Permissions-Policy header: Unrecognized feature: 'private-state-token-issuance'.", source:  (0)
[0619/095617.487:INFO:CONSOLE(0)] "Error with Permissions-Policy header: Origin trial controlled feature not enabled: 'shared-storage'.", source:  (0)
[0619/095617.487:INFO:CONSOLE(0)] "Error with Permissions-Policy header: Unrecognized feature: 'shared-storage-select-url'.", source:  (0)
[0619/095617.487:INFO:CONSOLE(0)] "Error with Permissions-Policy header: Unrecognized feature: 'private-state-token-redemption'.", source:  (0)
[0619/095617.488:INFO:CONSOLE(0)] "Error with Permissions-Policy header: Unrecognized feature: 'unload'.", source:  (0)
[0619/095617.488:INFO:CONSOLE(0)] "Error with Permissions-Policy header: Unrecognized feature: 'window-management'.", source:  (0)
[0619/095617.488:INFO:CONSOLE(0)] "Document-Policy HTTP header: Unrecognized document policy feature name include-js-call-stacks-in-crash-reports.", source: https://web.whatsapp.com/ (0)
[0619/095617.687:ERROR:service_worker_storage.cc(1933)] Failed to delete the database: Database IO error
[0619/095618.475:ERROR:simple_index_file.cc(302)] Could not create a directory to hold the index file
[0619/095622.981:ERROR:quota_database.cc(929)] Could not open the quota database, resetting.
[0619/095625.615:ERROR:cache_util_win.cc(20)] Unable to move the cache: Access is denied. (0x5)
[0619/095625.616:ERROR:cache_util_win.cc(20)] Unable to move the cache: Access is denied. (0x5)
[0619/095625.617:ERROR:disk_cache.cc(205)] Unable to create cache
[0619/095625.617:ERROR:gpu_disk_cache.cc(673)] Gpu Cache Creation failed: -2
[0619/095625.617:ERROR:disk_cache.cc(205)] Unable to create cache
[0619/095625.617:ERROR:gpu_disk_cache.cc(673)] Gpu Cache Creation failed: -2
[0619/095627.647:ERROR:cache_util_win.cc(20)] Unable to move the cache: Access is denied. (0x5)
[0619/095627.647:ERROR:disk_cache.cc(205)] Unable to create cache
[0619/095627.924:ERROR:quota_database.cc(929)] Could not open the quota database, resetting.
[0619/095628.264:ERROR:cache_util_win.cc(20)] Unable to move the cache: Access is denied. (0x5)
[0619/095628.264:ERROR:cache_util_win.cc(20)] Unable to move the cache: Access is denied. (0x5)
[0619/095628.264:ERROR:disk_cache.cc(205)] Unable to create cache
[0619/095628.264:ERROR:gpu_disk_cache.cc(673)] Gpu Cache Creation failed: -2
[0619/095628.265:ERROR:disk_cache.cc(205)] Unable to create cache
[0619/095628.265:ERROR:gpu_disk_cache.cc(673)] Gpu Cache Creation failed: -2
[0619/095628.365:INFO:CONSOLE(0)] "Error with Permissions-Policy header: Feature xr-spatial-tracking's parameters are ignored.", source:  (0)
[0619/095628.365:INFO:CONSOLE(0)] "Error with Permissions-Policy header: Origin trial controlled feature not enabled: 'attribution-reporting'.", source:  (0)
[0619/095628.365:INFO:CONSOLE(0)] "Error with Permissions-Policy header: Unrecognized feature: 'compute-pressure'.", source:  (0)
[0619/095628.366:INFO:CONSOLE(0)] "Error with Permissions-Policy header: Origin trial controlled feature not enabled: 'interest-cohort'.", source:  (0)
[0619/095628.366:INFO:CONSOLE(0)] "Error with Permissions-Policy header: Unrecognized feature: 'private-state-token-issuance'.", source:  (0)
[0619/095628.366:INFO:CONSOLE(0)] "Error with Permissions-Policy header: Origin trial controlled feature not enabled: 'shared-storage'.", source:  (0)
[0619/095628.366:INFO:CONSOLE(0)] "Error with Permissions-Policy header: Unrecognized feature: 'shared-storage-select-url'.", source:  (0)
[0619/095628.366:INFO:CONSOLE(0)] "Error with Permissions-Policy header: Unrecognized feature: 'private-state-token-redemption'.", source:  (0)
[0619/095628.366:INFO:CONSOLE(0)] "Error with Permissions-Policy header: Unrecognized feature: 'unload'.", source:  (0)
[0619/095628.366:INFO:CONSOLE(0)] "Error with Permissions-Policy header: Unrecognized feature: 'window-management'.", source:  (0)
[0619/095628.366:INFO:CONSOLE(0)] "Document-Policy HTTP header: Unrecognized document policy feature name include-js-call-stacks-in-crash-reports.", source: https://web.whatsapp.com/ (0)
[0619/095628.638:ERROR:service_worker_storage.cc(1933)] Failed to delete the database: Database IO error
[0619/095630.897:ERROR:quota_database.cc(931)] Failed to reset the quota database.
[0619/095630.897:ERROR:quota_database.cc(931)] Failed to reset the quota database.
[0619/095633.861:ERROR:quota_database.cc(929)] Could not open the quota database, resetting.
[0619/095634.902:ERROR:cache_util_win.cc(20)] Unable to move the cache: Access is denied. (0x5)
[0619/095634.904:ERROR:disk_cache.cc(205)] Unable to create cache
[0619/095634.904:ERROR:gpu_disk_cache.cc(673)] Gpu Cache Creation failed: -2
[0619/095634.904:ERROR:cache_util_win.cc(20)] Unable to move the cache: Access is denied. (0x5)
[0619/095634.905:ERROR:disk_cache.cc(205)] Unable to create cache
[0619/095634.905:ERROR:gpu_disk_cache.cc(673)] Gpu Cache Creation failed: -2
[0619/095636.916:ERROR:cache_util_win.cc(20)] Unable to move the cache: Access is denied. (0x5)
[0619/095636.917:ERROR:disk_cache.cc(205)] Unable to create cache
[0619/095637.549:ERROR:cache_util_win.cc(20)] Unable to move the cache: Access is denied. (0x5)
[0619/095637.549:ERROR:disk_cache.cc(205)] Unable to create cache
[0619/095637.549:ERROR:gpu_disk_cache.cc(673)] Gpu Cache Creation failed: -2
[0619/095637.549:ERROR:cache_util_win.cc(20)] Unable to move the cache: Access is denied. (0x5)
[0619/095637.551:ERROR:disk_cache.cc(205)] Unable to create cache
[0619/095637.551:ERROR:gpu_disk_cache.cc(673)] Gpu Cache Creation failed: -2
[0619/095637.650:INFO:CONSOLE(0)] "Error with Permissions-Policy header: Feature xr-spatial-tracking's parameters are ignored.", source:  (0)
[0619/095637.650:INFO:CONSOLE(0)] "Error with Permissions-Policy header: Origin trial controlled feature not enabled: 'attribution-reporting'.", source:  (0)
[0619/095637.650:INFO:CONSOLE(0)] "Error with Permissions-Policy header: Unrecognized feature: 'compute-pressure'.", source:  (0)
[0619/095637.650:INFO:CONSOLE(0)] "Error with Permissions-Policy header: Origin trial controlled feature not enabled: 'interest-cohort'.", source:  (0)
[0619/095637.650:INFO:CONSOLE(0)] "Error with Permissions-Policy header: Unrecognized feature: 'private-state-token-issuance'.", source:  (0)
[0619/095637.651:INFO:CONSOLE(0)] "Error with Permissions-Policy header: Origin trial controlled feature not enabled: 'shared-storage'.", source:  (0)
[0619/095637.651:INFO:CONSOLE(0)] "Error with Permissions-Policy header: Unrecognized feature: 'shared-storage-select-url'.", source:  (0)
[0619/095637.651:INFO:CONSOLE(0)] "Error with Permissions-Policy header: Unrecognized feature: 'private-state-token-redemption'.", source:  (0)
[0619/095637.651:INFO:CONSOLE(0)] "Error with Permissions-Policy header: Unrecognized feature: 'unload'.", source:  (0)
[0619/095637.651:INFO:CONSOLE(0)] "Error with Permissions-Policy header: Unrecognized feature: 'window-management'.", source:  (0)
[0619/095637.651:INFO:CONSOLE(0)] "Document-Policy HTTP header: Unrecognized document policy feature name include-js-call-stacks-in-crash-reports.", source: https://web.whatsapp.com/ (0)
[0619/095637.914:ERROR:service_worker_storage.cc(1933)] Failed to delete the database: Database IO error
[0619/095638.830:ERROR:quota_database.cc(929)] Could not open the quota database, resetting.
[0619/095641.828:ERROR:quota_database.cc(931)] Failed to reset the quota database.
[0619/095641.828:ERROR:quota_database.cc(931)] Failed to reset the quota database.
[0619/095643.257:ERROR:quota_database.cc(929)] Could not open the quota database, resetting.
[0619/095648.242:ERROR:quota_database.cc(929)] Could not open the quota database, resetting.
[0619/095648.522:ERROR:simple_index_file.cc(302)] Could not create a directory to hold the index file
[0619/095651.199:ERROR:quota_database.cc(931)] Failed to reset the quota database.
[0619/095651.200:ERROR:quota_database.cc(931)] Failed to reset the quota database.
[0619/095718.601:ERROR:simple_index_file.cc(302)] Could not create a directory to hold the index file
[0619/095748.669:ERROR:simple_index_file.cc(302)] Could not create a directory to hold the index file
[0619/095818.752:ERROR:simple_index_file.cc(302)] Could not create a directory to hold the index file
